// Vitest Snapshot v1, https://vitest.dev/guide/snapshot.html

exports[`parse > middleware > should output based on the unit option 1`] = `0`;

exports[`parse > routes > should output based on the unit option 1`] = `
[
  1126.4,
  875,
  0,
  15872,
  1126.4,
  8345.6,
  0,
  1126.4,
]
`;

exports[`parse > routes > should output based on the unit option 2`] = `
[
  128000,
  88268.8,
  0,
  143360,
  128000,
  135168,
  0,
  128000,
]
`;

exports[`parse > routes > should output the correct route icon 1`] = `
[
  "λ",
  "λ",
  "λ",
  "λ",
  "λ",
  "λ",
  "ℇ",
  "λ",
]
`;

exports[`parse > routes > should output the correct route name 1`] = `
[
  "/",
  "/_not-found",
  "/api/trpc/[trpc]",
  "/create",
  "/popular",
  "/puzzle/[id]",
  "/puzzle/[id]/opengraph-image",
  "/recent",
]
`;

exports[`parse > routes > should output the correct route type 1`] = `
[
  "Dynamic",
  "Dynamic",
  "Dynamic",
  "Dynamic",
  "Dynamic",
  "Dynamic",
  "Edge",
  "Dynamic",
]
`;

exports[`parse > shared > should output based on the unit option 1`] = `
[
  {
    "name": "chunks/472-9100b5fcfec8f88c.js",
    "size": 30720,
  },
  {
    "name": "chunks/fd9d1056-853251486b1823c6.js",
    "size": 54579.2,
  },
  {
    "name": "chunks/main-app-842b2bfec3a562ae.js",
    "size": 231,
  },
  {
    "name": "chunks/webpack-b7a1470890cdd00b.js",
    "size": 1832.96,
  },
]
`;

exports[`parse > shared > should output the correct names 1`] = `
[
  "chunks/472-9100b5fcfec8f88c.js",
  "chunks/fd9d1056-853251486b1823c6.js",
  "chunks/main-app-842b2bfec3a562ae.js",
  "chunks/webpack-b7a1470890cdd00b.js",
]
`;

exports[`parse > shared > should output the correct other chunks 1`] = `[]`;

exports[`parse > shared > should output the correct shared by all total 1`] = `85.3`;
